.
./a.json
./b.json
./c-daa5.json
./dev.html
./index.html
