{
  "name": "LiteJS",
  "description": "LiteJS test",
  "icons": [
    {
      "src": "apple-touch-icon.png",
      "sizes": "192x192",
      "type": "image/png"
    }
  ],
  "start_url": "./",
  "display": "standalone",
  "theme_color": "#333",
  "background_color": "#333"
}
