.
./a.json
./build
./build/a.json
./build/b.json
./build/c-daa5.json
./build/index.html
./dev.html
