.
./a.css
./a.svg
./b.svg
./c.svg
./dev.html
./index.html
