.
./a.css
./a.js
./build
./build/index.html
./dev.html
./lib1.css
./lib1.js
./lib2.css
