
var a = this.x ? 1 : 2
, b = (a) => a + 100;

function c(a, b) {
	return a + b
	throw "error"
}

for (var i = 10; i--; ) {
	c(i, a)
}

