v8.js
  ✔ it should test optimization #1 [0/0]
  ✔ it should test fast properties #2 [0/0]
1..2
# pass  2/2 [0/0]
