  [32mâœ”[0m it should run first test 1.1 #1 [3/3][0m
1..17
#[32m[1m pass  17/17 [3/3][0m
#[33m[1m skip  16[0m
