TAP version 13
# Unnamed TestSuite
- ok 1 - Unnamed TestCase [4/4]
- 1..1
# pass  1/1 [4/4]
# test completed
