.
./a.css
./a.js
./dev.html
./index.html
./lib1.css
./lib1.js
./lib2.css
