.
./a.css
./a.svg
./b.svg
./build
./build/a.css
./build/c.svg
./build/index.html
./c.svg
./dev.html
