
<!DOCTYPE   html>
<html>
	<head>
		<meta charset="UTF-8">
		<meta name="viewport" content="initial-scale=1,maximum-scale=1">
		<!-- Replace hash in min -->
		<link rel="manifest" href=manifest.json min="m.json?{h}">

		<meta name="application-name" content="UI">

		<title>UI</title>
		<link rel="stylesheet" href="lib.css" min cat="
			dummy/base.css
			%/grid.css
		" inline>
		<link rel="stylesheet" href="app.css" min>
		<style min>
		.logo {
			background: red;
			/*url("data:image/svg+xml;base64,[data]");*/
		}
		</style>
	</head>
	<body >
		<script src="load.js" cat="dummy/load.js" inline min></script>
		<script src="up.js" min="0.js?{h}"
			banner="litejs.com/MIT-LICENSE.txt"
			if="!window.PointerEvent||!navigator.sendBeacon"
			cat="
				dummy/polyfill
		"></script>
		<script src="a.js" min="min.js?{h}"></script>
		<script src="b.js" min cat="b1.js b2.js" drop=test></script>
		<script src="c.view" min x="&amp;amp; &#x26;amp;"  ></script>
		<img src="your.svg" onerror="this.src='your.png'" alt="Your image">
		<img src="data:image/svg+xml;base64,[data]">
		<object type="image/svg+xml" data="image.svg">
			<!-- Your fall back here, this will be loaded twice -->
			<img src="image.svg" />
		</object>
	</body >
</html>

