var a=1,b1=1
function test(){}function b2(){}El.tpl("%el Hello h1 Hello world")